
VCFtools - 0.1.17
(C) Adam Auton and Anthony Marcketta 2009

Parameters as interpreted:
	--bcf tests/fixtures/osmanthus412.23chr_100k.bcf
	--maf 0.1
	--max-alleles 2
	--maxDP 30
	--min-alleles 2
	--minDP 5
	--minGQ 20
	--min-meanDP 10
	--minQ 40
	--max-missing 0.9
	--out tests/golden/subset-filtered-bcf-recode
	--recode
	--remove-indels

Using zlib version: 1.3.1
Warning: Expected at least 2 parts in FORMAT entry: ID=RNC,Number=2,Type=Character,Description="Reason for No Call in GT: . = n/a, M = Missing data, P = Partial data, I = gVCF input site is non-called, D = insufficient Depth of coverage, - = unrepresentable overlapping deletion, L = Lost/unrepresentable allele (other than deletion), U = multiple Unphased variants present, O = multiple Overlapping variants present, 1 = site is Monoallelic, no assertion about presence of REF or ALT allele",IDX=7>
After filtering, kept 412 out of 412 Individuals
Outputting VCF file...
BCF file contains IDX values in header. These are being removed for conversion to VCF.
After filtering, kept 129855 out of a possible 2300000 Sites
Run Time = 84.00 seconds
