vcftools-ng 0.13.0
Log format: vcftools-ng-text-v1
Start time: 2026-08-05T22:48:48+08:00
Command: /home/vensin/software/vcftools-ng-v0.13.0-linux-x86_64/libexec/vcftools-ng.bin --gzvcf /home/vensin/workspace/Sweet_Osmanthus/05.variant_filter/02.vcftools_filter_snp_indel/412samples.SNP.biallelic.minGQ10.minQ30.meanDP6.maxmiss0.8.maf0.05.vcf.gz --threads 1 --min-alleles 2 --max-alleles 2 --minGQ 10 --minQ 30 --min-meanDP 7 --max-missing 0.9 --maf 0.1 --recode-INFO-all --recode-vcf --log-file /home/vensin/workspace/vcftools-ng/benchmarks/results/v0130-input-output-storage/logs/bgzf_tbi__ssd_plain-t1-r1.log --out /home/vensin/workspace/vcftools-ng-benchmark-v0130/ssd/bgzf_tbi__ssd_plain-t1-r1.FinW6K/output
Working directory: /home/vensin/workspace/vcftools-ng
Log file: /home/vensin/workspace/vcftools-ng/benchmarks/results/v0130-input-output-storage/logs/bgzf_tbi__ssd_plain-t1-r1.log

Input: /home/vensin/workspace/Sweet_Osmanthus/05.variant_filter/02.vcftools_filter_snp_indel/412samples.SNP.biallelic.minGQ10.minQ30.meanDP6.maxmiss0.8.maf0.05.vcf.gz
Input format: BGZF VCF
Input size: 18940264903 bytes
Storage: non-rotational
Requested threads: 1
Effective threads: 1
Batch size: 2048

Outputs:
  Recode VCF: /home/vensin/workspace/vcftools-ng-benchmark-v0130/ssd/bgzf_tbi__ssd_plain-t1-r1.FinW6K/output.recode.vcf
  Log: /home/vensin/workspace/vcftools-ng/benchmarks/results/v0130-input-output-storage/logs/bgzf_tbi__ssd_plain-t1-r1.log
  INFO fields: all (--recode-INFO-all)

Output parameters:
  --recode-vcf
  --recode-INFO-all

Filters:
  --min-alleles 2
  --max-alleles 2
  --minQ 30
  --minGQ 10
  --min-meanDP 7
  --max-missing 0.9
  --maf 0.1

Index policy: automatic
Index workload: full-file recode
Index decision reason: adaptive policy: one-thread BGZF recode avoids index overhead; BGZF VCF, 1 effective threads
Existing sidecar: /home/vensin/workspace/Sweet_Osmanthus/05.variant_filter/02.vcftools_filter_snp_indel/412samples.SNP.biallelic.minGQ10.minQ30.meanDP6.maxmiss0.8.maf0.05.vcf.gz.tbi
Index type: TBI
Index validation: PASS (/home/vensin/workspace/Sweet_Osmanthus/05.variant_filter/02.vcftools_filter_snp_indel/412samples.SNP.biallelic.minGQ10.minQ30.meanDP6.maxmiss0.8.maf0.05.vcf.gz.tbi)
Decision: preserve existing sidecars; do not build or use an index
Reason: adaptive policy: one-thread BGZF recode avoids index overhead
Index used: no
Selected backend: fast-filter-recode-bgzf
Index used: no
Input backend: fast-filter-recode-bgzf (direct filtering/recode with BGZF decompression overlap)
Samples: 412
Threads: 1 (user specified)
Stage concurrency: input 1, HTSlib I/O 0, compute fused
Input threads: 1
HTSlib I/O threads: 0
Compute threads: fused
Planned input shards: 1
Selected samples: 412
Scheduler: adaptive fused text filter/recode
After filtering, kept 5425725 out of 11230392 sites
Kept sites: 5425725
Total sites: 11230392

Output results:
  Output format: Plain VCF
  Recode VCF: /home/vensin/workspace/vcftools-ng-benchmark-v0130/ssd/bgzf_tbi__ssd_plain-t1-r1.FinW6K/output.recode.vcf
  Output bytes: 59434159204

Wall time: 358.261 seconds
User CPU time: 343.739 seconds
System CPU time: 14.250 seconds
Average CPU: 99.924%
Peak RSS: 26616 KiB
Exit status: success
End time: 2026-08-05T22:54:47+08:00
